
========= Begin ......===========


========= Begin ......===========

i= 0 loss= 52113.812
i= 1 loss= 52101.656
i= 2 loss= 52089.492
i= 3 loss= 52077.34
i= 4 loss= 52065.195
i= 5 loss= 52053.07
i= 6 loss= 52040.97
i= 7 loss= 52028.85
i= 8 loss= 52016.758
i= 9 loss= 52004.676
i= 10 loss= 51992.625
i= 11 loss= 51980.555
i= 12 loss= 51968.48
i= 13 loss= 51956.37
i= 14 loss= 51944.37
i= 15 loss= 51932.344
i= 16 loss= 51920.336
i= 17 loss= 51908.32
i= 18 loss= 51896.31
i= 19 loss= 51884.32
i= 20 loss= 51872.35
i= 21 loss= 51860.36
i= 22 loss= 51848.418
i= 23 loss= 51836.504
i= 24 loss= 51824.57
i= 25 loss= 51812.633
i= 26 loss= 51800.688
i= 27 loss= 51788.773
i= 28 loss= 51776.875
i= 29 loss= 51765.008
i= 30 loss= 51753.133
i= 31 loss= 51741.25
i= 32 loss= 51729.434
i= 33 loss= 51717.637
i= 34 loss= 51705.79
i= 35 loss= 51693.96
i= 36 loss= 51682.14
i= 37 loss= 51670.35
i= 38 loss= 51658.59
i= 39 loss= 51646.836
i= 40 loss= 51635.02
i= 41 loss= 51623.277
i= 42 loss= 51611.555
i= 43 loss= 51599.832
i= 44 loss= 51588.074
i= 45 loss= 51576.414
i= 46 loss= 51564.695
i= 47 loss= 51553.004
i= 48 loss= 51541.332
i= 49 loss= 51529.656
i= 50 loss= 51518.05
i= 51 loss= 51506.43
i= 52 loss= 51494.758
i= 53 loss= 51483.13
i= 54 loss= 51471.555
i= 55 loss= 51459.95
i= 56 loss= 51448.33
i= 57 loss= 51436.79
i= 58 loss= 51425.26
i= 59 loss= 51413.676
i= 60 loss= 51402.15
i= 61 loss= 51390.6
i= 62 loss= 51379.066
i= 63 loss= 51367.58
i= 64 loss= 51356.08
i= 65 loss= 51344.613
i= 66 loss= 51333.137
i= 67 loss= 51321.68
i= 68 loss= 51310.25
i= 69 loss= 51298.805
i= 70 loss= 51287.34
i= 71 loss= 51275.945
i= 72 loss= 51264.516
i= 73 loss= 51253.117
i= 74 loss= 51241.754
i= 75 loss= 51230.38
i= 76 loss= 51219.01
i= 77 loss= 51207.62
i= 78 loss= 51196.344
i= 79 loss= 51185.0
i= 80 loss= 51173.676
i= 81 loss= 51162.32
i= 82 loss= 51151.008
i= 83 loss= 51139.773
i= 84 loss= 51128.46
i= 85 loss= 51117.22
i= 86 loss= 51105.94
i= 87 loss= 51094.723
i= 88 loss= 51083.43
i= 89 loss= 51072.234
i= 90 loss= 51061.03
i= 91 loss= 51049.863
i= 92 loss= 51038.637
i= 93 loss= 51027.418
i= 94 loss= 51016.285
i= 95 loss= 51005.113
i= 96 loss= 50993.938
i= 97 loss= 50982.78
i= 98 loss= 50971.66
i= 99 loss= 50960.57
i= 100 loss= 50949.43
i= 101 loss= 50938.312
i= 102 loss= 50927.246
i= 103 loss= 50916.125
i= 104 loss= 50905.055
i= 105 loss= 50893.99
i= 106 loss= 50882.992
i= 107 loss= 50871.938
i= 108 loss= 50860.9
i= 109 loss= 50849.883
i= 110 loss= 50838.863
i= 111 loss= 50827.914
i= 112 loss= 50816.902
i= 113 loss= 50805.906
i= 114 loss= 50794.96
i= 115 loss= 50784.066
i= 116 loss= 50773.055
i= 117 loss= 50762.125
i= 118 loss= 50751.18
i= 119 loss= 50740.242
i= 120 loss= 50729.324
i= 121 loss= 50718.47
i= 122 loss= 50707.547
i= 123 loss= 50696.703
i= 124 loss= 50685.805
i= 125 loss= 50674.945
i= 126 loss= 50664.09
i= 127 loss= 50653.227
i= 128 loss= 50642.434
i= 129 loss= 50631.59
i= 130 loss= 50620.82
i= 131 loss= 50610.047
i= 132 loss= 50599.227
i= 133 loss= 50588.434
i= 134 loss= 50577.684
i= 135 loss= 50566.934
i= 136 loss= 50556.16
i= 137 loss= 50545.44
i= 138 loss= 50534.684
i= 139 loss= 50523.96
i= 140 loss= 50513.223
i= 141 loss= 50502.56
i= 142 loss= 50491.85
i= 143 loss= 50481.203
i= 144 loss= 50470.492
i= 145 loss= 50459.81
i= 146 loss= 50449.184
i= 147 loss= 50438.555
i= 148 loss= 50427.906
i= 149 loss= 50417.266
i= 150 loss= 50406.65
i= 151 loss= 50396.04
i= 152 loss= 50385.477
i= 153 loss= 50374.9
i= 154 loss= 50364.33
i= 155 loss= 50353.688
i= 156 loss= 50343.125
i= 157 loss= 50332.625
i= 158 loss= 50322.094
i= 159 loss= 50311.55
i= 160 loss= 50301.027
i= 161 loss= 50290.527
i= 162 loss= 50280.027
i= 163 loss= 50269.508
i= 164 loss= 50259.08
i= 165 loss= 50248.566
i= 166 loss= 50238.117
i= 167 loss= 50227.664
i= 168 loss= 50217.18
i= 169 loss= 50206.758
i= 170 loss= 50196.36
i= 171 loss= 50185.95
i= 172 loss= 50175.53
i= 173 loss= 50165.08
i= 174 loss= 50154.688
i= 175 loss= 50144.312
i= 176 loss= 50133.95
i= 177 loss= 50123.54
i= 178 loss= 50113.203
i= 179 loss= 50102.91
i= 180 loss= 50092.574
i= 181 loss= 50082.242
i= 182 loss= 50071.91
i= 183 loss= 50061.598
i= 184 loss= 50051.26
i= 185 loss= 50040.973
i= 186 loss= 50030.734
i= 187 loss= 50020.47
i= 188 loss= 50010.176
i= 189 loss= 49999.945
i= 190 loss= 49989.645
i= 191 loss= 49979.43
i= 192 loss= 49969.2
i= 193 loss= 49959.027
i= 194 loss= 49948.797
i= 195 loss= 49938.586
i= 196 loss= 49928.383
i= 197 loss= 49918.23
i= 198 loss= 49908.01
i= 199 loss= 49897.844
[[4.32294604 3.74748504 4.34876456 ... 3.93016029 3.93475704 3.83032113]
 [3.53247329 3.88924768 3.2468392  ... 3.14658743 3.33064049 3.39191766]
 [3.12641118 3.88368752 2.58963838 ... 3.29119378 2.96688452 3.34290541]
 ...
 [3.6711573  3.54010653 3.66622365 ... 3.33720168 3.69478273 3.51214234]
 [3.73865177 3.78569013 2.8487972  ... 2.64282662 3.5818434  3.6231479 ]
 [3.6224359  4.63114697 3.98397608 ... 4.1761951  4.05721202 3.81314793]]
9742
==============================为该用户推荐的评分最高的20部电影是：===============================
评分： 5.47, 电影名： Come and See (Idi i smotri) (1985)
评分： 5.45, 电影名： Craig Ferguson: I'm Here To Help (2013)
评分： 5.44, 电影名： The Adventures of Sherlock Holmes and Dr. Watson: Bloody Signature (1979)
评分： 5.43, 电影名： Boy Eats Girl (2005)
评分： 5.37, 电影名： Siam Sunset (1999)
评分： 5.36, 电影名： The Girl with All the Gifts (2016)
评分： 5.36, 电影名： Nine Lives of Tomas Katz, The (2000)
评分： 5.32, 电影名： Branded to Kill (Koroshi no rakuin) (1967)
评分： 5.32, 电影名： In the Realm of the Senses (Ai no corrida) (1976)
评分： 5.32, 电影名： Crippled Avengers (Can que) (Return of the 5 Deadly Venoms) (1981)
评分： 5.31, 电影名： Down Argentine Way (1940)
评分： 5.31, 电影名： Guy X (2005)
评分： 5.31, 电影名： Death Note: Desu nôto (2006–2007)
评分： 5.30, 电影名： Dead Man's Shoes (2004)
评分： 5.29, 电影名： My Love (2006)
评分： 5.28, 电影名： Slumber Party Massacre III (1990)
评分： 5.28, 电影名： Entertaining Angels: The Dorothy Day Story (1996)
评分： 5.27, 电影名： Vovka in the Kingdom of Far Far Away (1965)
评分： 5.27, 电影名： The Fox and the Hound 2 (2006)
评分： 5.27, 电影名： A Perfect Day (2015)

=====================================

Tensor Flow1.7 CPU Running Time taken: 0:00:42.483125
